// Jest Snapshot v1, https://goo.gl/fbAQLP

exports[`Test HEADER with shallow HEADER 1`] = `
<div
  className="Header"
>
  <NavLink
    activeClassName="ActivePageLink"
    aria-current="page"
    className="PageLink"
    exact={true}
    to="/"
  >
    <div
      className="banner_title_shop"
    >
      Upliner
    </div>
  </NavLink>
  <div
    className="HeaderCategory"
  >
    <HeaderCategory
      categories={
        Array [
          Object {
            "category": "shoes",
            "id": 1,
            "name": "shoes",
          },
          Object {
            "category": "computers",
            "id": 2,
            "name": "computers",
          },
          Object {
            "category": "accessories",
            "id": 3,
            "name": "accessories",
          },
          Object {
            "category": "clothing",
            "id": 4,
            "name": "clothing",
          },
        ]
      }
    />
  </div>
</div>
`;
